// Jest Snapshot v1, https://goo.gl/fbAQLP

exports[`<InViewWrapper /> component tests renders InViewWrapper 1`] = `
<div
  className="container"
>
  <div>
    placeHolder
  </div>
</div>
`;
