// Jest Snapshot v1, https://goo.gl/fbAQLP

exports[`<Search /> component tests renders 1`] = `
<Fragment>
  <SearchForm
    onSubmit={[Function]}
  />
</Fragment>
`;
